// Jest Snapshot v1, https://goo.gl/fbAQLP

exports[`renders loginForm correctly 1`] = `
<View
  onLayout={[Function]}
  style={
    Array [
      Object {
        "alignContent": "center",
        "flex": 1,
        "height": "100%",
        "justifyContent": "center",
        "width": "100%",
      },
      Object {
        "paddingBottom": 0,
      },
    ]
  }
>
  <RCTScrollView
    accessible={true}
    contentContainerStyle={
      Object {
        "alignContent": "center",
        "flex": 1,
      }
    }
    focusable={true}
    onClick={[Function]}
    onResponderGrant={[Function]}
    onResponderMove={[Function]}
    onResponderRelease={[Function]}
    onResponderTerminate={[Function]}
    onResponderTerminationRequest={[Function]}
    onStartShouldSetResponder={[Function]}
  >
    <View>
      <View
        style={
          Object {
            "alignItems": "center",
            "flex": 1,
            "height": "100%",
            "justifyContent": "center",
            "width": "100%",
          }
        }
      >
        <View
          style={
            Object {
              "backgroundColor": "white",
              "borderRadius": 10,
              "elevation": 5,
              "margin": 20,
              "padding": 10,
              "shadowColor": "black",
              "shadowOffset": Object {
                "height": 2,
                "width": 0,
              },
              "shadowOpacity": 0.26,
              "width": "80%",
            }
          }
        >
          <View
            style={
              Object {
                "paddingHorizontal": 10,
                "width": "100%",
              }
            }
          >
            <Text
              style={
                Object {
                  "color": "#86939e",
                  "fontSize": 16,
                  "fontWeight": "bold",
                }
              }
            >
              Email
            </Text>
            <View
              style={
                Object {
                  "alignItems": "center",
                  "borderBottomWidth": 1,
                  "borderColor": "#86939e",
                  "flexDirection": "row",
                  "transform": Array [
                    Object {
                      "translateX": 0,
                    },
                  ],
                }
              }
            >
              <View
                style={
                  Object {
                    "alignItems": "center",
                    "height": 40,
                    "justifyContent": "center",
                    "marginVertical": 4,
                    "paddingRight": 4,
                  }
                }
              >
                <Text />
              </View>
              <TextInput
                allowFontScaling={true}
                autoCapitalize="none"
                editable={true}
                id="emailTest"
                keyboardType="default"
                onChangeText={[Function]}
                placeholder="Email"
                placeholderTextColor="#86939e"
                rejectResponderTermination={true}
                style={
                  Object {
                    "alignSelf": "center",
                    "color": "#242424",
                    "flex": 1,
                    "fontSize": 18,
                    "minHeight": 40,
                  }
                }
                testID="RNE__Input__text-input"
                textContentType="username"
                underlineColorAndroid="transparent"
              />
            </View>
            <Text
              style={
                Object {
                  "color": "#ff190c",
                  "fontSize": 12,
                  "margin": 5,
                }
              }
            />
          </View>
          <View
            style={
              Object {
                "paddingHorizontal": 10,
                "width": "100%",
              }
            }
          >
            <Text
              style={
                Object {
                  "color": "#86939e",
                  "fontSize": 16,
                  "fontWeight": "bold",
                }
              }
            >
              Password
            </Text>
            <View
              style={
                Object {
                  "alignItems": "center",
                  "borderBottomWidth": 1,
                  "borderColor": "#86939e",
                  "flexDirection": "row",
                  "transform": Array [
                    Object {
                      "translateX": 0,
                    },
                  ],
                }
              }
            >
              <View
                style={
                  Object {
                    "alignItems": "center",
                    "height": 40,
                    "justifyContent": "center",
                    "marginVertical": 4,
                    "paddingRight": 4,
                  }
                }
              >
                <Text />
              </View>
              <TextInput
                allowFontScaling={true}
                editable={true}
                id="passwordTest"
                minLength={8}
                onChangeText={[Function]}
                placeholder="Password"
                placeholderTextColor="#86939e"
                rejectResponderTermination={true}
                secureTextEntry={true}
                style={
                  Object {
                    "alignSelf": "center",
                    "color": "#242424",
                    "flex": 1,
                    "fontSize": 18,
                    "minHeight": 40,
                  }
                }
                testID="RNE__Input__text-input"
                textContentType="password"
                underlineColorAndroid="transparent"
              />
            </View>
            <Text
              style={
                Object {
                  "color": "#ff190c",
                  "fontSize": 12,
                  "margin": 5,
                }
              }
            />
          </View>
          <View
            accessible={true}
            focusable={true}
            forwardedRef={[Function]}
            onClick={[Function]}
            onResponderGrant={[Function]}
            onResponderMove={[Function]}
            onResponderRelease={[Function]}
            onResponderTerminate={[Function]}
            onResponderTerminationRequest={[Function]}
            onStartShouldSetResponder={[Function]}
            style={
              Object {
                "alignItems": "center",
                "alignSelf": "stretch",
                "backgroundColor": "#007aff",
                "borderBottomWidth": null,
                "borderColor": "#007aff",
                "borderLeftWidth": null,
                "borderRadius": 5,
                "borderRightWidth": null,
                "borderTopWidth": null,
                "borderWidth": undefined,
                "color": undefined,
                "elevation": 2,
                "flexDirection": "row",
                "height": 45,
                "justifyContent": "center",
                "opacity": 1,
                "paddingBottom": 6,
                "paddingTop": 6,
                "shadowColor": undefined,
                "shadowOffset": undefined,
                "shadowOpacity": undefined,
                "shadowRadius": undefined,
              }
            }
          >
            <Text
              style={
                Object {
                  "backgroundColor": "transparent",
                  "color": "#fff",
                  "fontFamily": "System",
                  "fontSize": 16.5,
                  "marginLeft": 0,
                  "marginRight": 0,
                  "paddingLeft": 16,
                  "paddingRight": 16,
                }
              }
            >
              Login
            </Text>
          </View>
          <View
            accessible={true}
            focusable={true}
            forwardedRef={[Function]}
            onClick={[Function]}
            onResponderGrant={[Function]}
            onResponderMove={[Function]}
            onResponderRelease={[Function]}
            onResponderTerminate={[Function]}
            onResponderTerminationRequest={[Function]}
            onStartShouldSetResponder={[Function]}
            style={
              Object {
                "alignItems": "center",
                "alignSelf": "stretch",
                "backgroundColor": "transparent",
                "borderBottomWidth": 1,
                "borderColor": "#007aff",
                "borderLeftWidth": 1,
                "borderRadius": 5,
                "borderRightWidth": 1,
                "borderTopWidth": 1,
                "borderWidth": 1,
                "color": undefined,
                "elevation": null,
                "flexDirection": "row",
                "height": 45,
                "justifyContent": "center",
                "marginTop": 5,
                "opacity": 1,
                "paddingBottom": 6,
                "paddingTop": 6,
                "shadowColor": null,
                "shadowOffset": null,
                "shadowOpacity": null,
                "shadowRadius": null,
              }
            }
          >
            <Text
              style={
                Array [
                  Object {
                    "backgroundColor": "transparent",
                    "color": "#fff",
                    "fontFamily": "System",
                    "fontSize": 16.5,
                    "marginLeft": 0,
                    "marginRight": 0,
                    "paddingLeft": 16,
                    "paddingRight": 16,
                  },
                  Object {
                    "color": "black",
                  },
                ]
              }
            >
              Sign Up
            </Text>
          </View>
        </View>
      </View>
    </View>
  </RCTScrollView>
</View>
`;
